  Determinando los proyectos que se van a restaurar...
  Todos los proyectos están actualizados para la restauración.
D:\Antigravity Proyectos\trasmisionBalanzaQ\BalanzaQ.Web\Data\BalanzaDbContext.cs(2,17): error CS0234: El tipo o el nombre del espacio de nombres 'EntityFrameworkCore' no existe en el espacio de nombres 'Microsoft' (¿falta alguna referencia de ensamblado?) [D:\Antigravity Proyectos\trasmisionBalanzaQ\BalanzaQ.Web\BalanzaQ.Web.csproj]
D:\Antigravity Proyectos\trasmisionBalanzaQ\BalanzaQ.Web\Program.cs(4,17): error CS0234: El tipo o el nombre del espacio de nombres 'EntityFrameworkCore' no existe en el espacio de nombres 'Microsoft' (¿falta alguna referencia de ensamblado?) [D:\Antigravity Proyectos\trasmisionBalanzaQ\BalanzaQ.Web\BalanzaQ.Web.csproj]
D:\Antigravity Proyectos\trasmisionBalanzaQ\BalanzaQ.Web\Services\DigiService.cs(5,17): error CS0234: El tipo o el nombre del espacio de nombres 'EntityFrameworkCore' no existe en el espacio de nombres 'Microsoft' (¿falta alguna referencia de ensamblado?) [D:\Antigravity Proyectos\trasmisionBalanzaQ\BalanzaQ.Web\BalanzaQ.Web.csproj]
D:\Antigravity Proyectos\trasmisionBalanzaQ\BalanzaQ.Web\Services\ImportService.cs(3,17): error CS0234: El tipo o el nombre del espacio de nombres 'EntityFrameworkCore' no existe en el espacio de nombres 'Microsoft' (¿falta alguna referencia de ensamblado?) [D:\Antigravity Proyectos\trasmisionBalanzaQ\BalanzaQ.Web\BalanzaQ.Web.csproj]
D:\Antigravity Proyectos\trasmisionBalanzaQ\BalanzaQ.Web\Data\BalanzaDbContext.cs(6,33): error CS0246: El nombre del tipo o del espacio de nombres 'DbContext' no se encontró (¿falta una directiva using o una referencia de ensamblado?) [D:\Antigravity Proyectos\trasmisionBalanzaQ\BalanzaQ.Web\BalanzaQ.Web.csproj]
D:\Antigravity Proyectos\trasmisionBalanzaQ\BalanzaQ.Web\Data\BalanzaDbContext.cs(8,12): error CS0246: El nombre del tipo o del espacio de nombres 'DbSet<>' no se encontró (¿falta una directiva using o una referencia de ensamblado?) [D:\Antigravity Proyectos\trasmisionBalanzaQ\BalanzaQ.Web\BalanzaQ.Web.csproj]
D:\Antigravity Proyectos\trasmisionBalanzaQ\BalanzaQ.Web\Data\BalanzaDbContext.cs(9,12): error CS0246: El nombre del tipo o del espacio de nombres 'DbSet<>' no se encontró (¿falta una directiva using o una referencia de ensamblado?) [D:\Antigravity Proyectos\trasmisionBalanzaQ\BalanzaQ.Web\BalanzaQ.Web.csproj]
D:\Antigravity Proyectos\trasmisionBalanzaQ\BalanzaQ.Web\Data\BalanzaDbContext.cs(11,29): error CS0246: El nombre del tipo o del espacio de nombres 'DbContextOptions<>' no se encontró (¿falta una directiva using o una referencia de ensamblado?) [D:\Antigravity Proyectos\trasmisionBalanzaQ\BalanzaQ.Web\BalanzaQ.Web.csproj]
D:\Antigravity Proyectos\trasmisionBalanzaQ\BalanzaQ.Web\Components\Pages\Articulos.razor(4,18): error CS0234: El tipo o el nombre del espacio de nombres 'EntityFrameworkCore' no existe en el espacio de nombres 'Microsoft' (¿falta alguna referencia de ensamblado?) [D:\Antigravity Proyectos\trasmisionBalanzaQ\BalanzaQ.Web\BalanzaQ.Web.csproj]
D:\Antigravity Proyectos\trasmisionBalanzaQ\BalanzaQ.Web\Components\Pages\Balanzas.razor(4,18): error CS0234: El tipo o el nombre del espacio de nombres 'EntityFrameworkCore' no existe en el espacio de nombres 'Microsoft' (¿falta alguna referencia de ensamblado?) [D:\Antigravity Proyectos\trasmisionBalanzaQ\BalanzaQ.Web\BalanzaQ.Web.csproj]
D:\Antigravity Proyectos\trasmisionBalanzaQ\BalanzaQ.Web\Components\Pages\Home.razor(5,18): error CS0234: El tipo o el nombre del espacio de nombres 'EntityFrameworkCore' no existe en el espacio de nombres 'Microsoft' (¿falta alguna referencia de ensamblado?) [D:\Antigravity Proyectos\trasmisionBalanzaQ\BalanzaQ.Web\BalanzaQ.Web.csproj]

ERROR al compilar.

D:\Antigravity Proyectos\trasmisionBalanzaQ\BalanzaQ.Web\Data\BalanzaDbContext.cs(2,17): error CS0234: El tipo o el nombre del espacio de nombres 'EntityFrameworkCore' no existe en el espacio de nombres 'Microsoft' (¿falta alguna referencia de ensamblado?) [D:\Antigravity Proyectos\trasmisionBalanzaQ\BalanzaQ.Web\BalanzaQ.Web.csproj]
D:\Antigravity Proyectos\trasmisionBalanzaQ\BalanzaQ.Web\Program.cs(4,17): error CS0234: El tipo o el nombre del espacio de nombres 'EntityFrameworkCore' no existe en el espacio de nombres 'Microsoft' (¿falta alguna referencia de ensamblado?) [D:\Antigravity Proyectos\trasmisionBalanzaQ\BalanzaQ.Web\BalanzaQ.Web.csproj]
D:\Antigravity Proyectos\trasmisionBalanzaQ\BalanzaQ.Web\Services\DigiService.cs(5,17): error CS0234: El tipo o el nombre del espacio de nombres 'EntityFrameworkCore' no existe en el espacio de nombres 'Microsoft' (¿falta alguna referencia de ensamblado?) [D:\Antigravity Proyectos\trasmisionBalanzaQ\BalanzaQ.Web\BalanzaQ.Web.csproj]
D:\Antigravity Proyectos\trasmisionBalanzaQ\BalanzaQ.Web\Services\ImportService.cs(3,17): error CS0234: El tipo o el nombre del espacio de nombres 'EntityFrameworkCore' no existe en el espacio de nombres 'Microsoft' (¿falta alguna referencia de ensamblado?) [D:\Antigravity Proyectos\trasmisionBalanzaQ\BalanzaQ.Web\BalanzaQ.Web.csproj]
D:\Antigravity Proyectos\trasmisionBalanzaQ\BalanzaQ.Web\Data\BalanzaDbContext.cs(6,33): error CS0246: El nombre del tipo o del espacio de nombres 'DbContext' no se encontró (¿falta una directiva using o una referencia de ensamblado?) [D:\Antigravity Proyectos\trasmisionBalanzaQ\BalanzaQ.Web\BalanzaQ.Web.csproj]
D:\Antigravity Proyectos\trasmisionBalanzaQ\BalanzaQ.Web\Data\BalanzaDbContext.cs(8,12): error CS0246: El nombre del tipo o del espacio de nombres 'DbSet<>' no se encontró (¿falta una directiva using o una referencia de ensamblado?) [D:\Antigravity Proyectos\trasmisionBalanzaQ\BalanzaQ.Web\BalanzaQ.Web.csproj]
D:\Antigravity Proyectos\trasmisionBalanzaQ\BalanzaQ.Web\Data\BalanzaDbContext.cs(9,12): error CS0246: El nombre del tipo o del espacio de nombres 'DbSet<>' no se encontró (¿falta una directiva using o una referencia de ensamblado?) [D:\Antigravity Proyectos\trasmisionBalanzaQ\BalanzaQ.Web\BalanzaQ.Web.csproj]
D:\Antigravity Proyectos\trasmisionBalanzaQ\BalanzaQ.Web\Data\BalanzaDbContext.cs(11,29): error CS0246: El nombre del tipo o del espacio de nombres 'DbContextOptions<>' no se encontró (¿falta una directiva using o una referencia de ensamblado?) [D:\Antigravity Proyectos\trasmisionBalanzaQ\BalanzaQ.Web\BalanzaQ.Web.csproj]
D:\Antigravity Proyectos\trasmisionBalanzaQ\BalanzaQ.Web\Components\Pages\Articulos.razor(4,18): error CS0234: El tipo o el nombre del espacio de nombres 'EntityFrameworkCore' no existe en el espacio de nombres 'Microsoft' (¿falta alguna referencia de ensamblado?) [D:\Antigravity Proyectos\trasmisionBalanzaQ\BalanzaQ.Web\BalanzaQ.Web.csproj]
D:\Antigravity Proyectos\trasmisionBalanzaQ\BalanzaQ.Web\Components\Pages\Balanzas.razor(4,18): error CS0234: El tipo o el nombre del espacio de nombres 'EntityFrameworkCore' no existe en el espacio de nombres 'Microsoft' (¿falta alguna referencia de ensamblado?) [D:\Antigravity Proyectos\trasmisionBalanzaQ\BalanzaQ.Web\BalanzaQ.Web.csproj]
D:\Antigravity Proyectos\trasmisionBalanzaQ\BalanzaQ.Web\Components\Pages\Home.razor(5,18): error CS0234: El tipo o el nombre del espacio de nombres 'EntityFrameworkCore' no existe en el espacio de nombres 'Microsoft' (¿falta alguna referencia de ensamblado?) [D:\Antigravity Proyectos\trasmisionBalanzaQ\BalanzaQ.Web\BalanzaQ.Web.csproj]
    0 Advertencia(s)
    11 Errores

Tiempo transcurrido 00:00:01.60

Hay actualizaciones de carga de trabajo disponibles. Ejecute "dotnet workload list" para obtener más información.
